--------------------------------------------------------------------------------
      name:  <unnamed>
       log:  /home/pauljohn/GIT/RHS/exercises/Ex-03.4-pups/Ex-3.4.log
  log type:  text
 opened on:   5 Jun 2016, 23:35:19

.  
. * Dempster Rat-pups data
. * use http://www.stata-press.com/data/mlmus3/pups, clear
. * saveold pups.dta12, version(12)
. * or
. use pups.dta12, replace

. 
. 
. sum

    Variable |        Obs        Mean    Std. Dev.       Min        Max
-------------+---------------------------------------------------------
         dam |        321    13.38318    7.400986          1         27
         sex |        321    .4672897    .4997079          0          1
         rat |        321    4.193146    2.632742          1         13
        dose |        321    .7943925    .7550453          0          2
           w |        321    6.081246    .6485308       3.68       8.33

. 
. * 3.4.1. 
. 
. egen size = count(w), by(dam)

. 
. * 3.4.2
. egen wmn = mean(w), by(dam)

. 
end of do-file

. do "/tmp/SD04858.000000"

. 
. twoway (scatter wmn size), ytitle("Mean of Litter")

. 
end of do-file

. do "/tmp/SD04858.000000"

. twoway (scatter wmn size if dose == 0, msymbol(0h)) ///
>     (scatter wmn size if dose == 1, msymbol(S)) ///
>     (scatter wmn size if dose == 2, msymbol(0)), ///
>     ytitle("Mean of Litter") ///
>     legend(label(1 "0") label(2 "1") label(3 "2"))
(note:  named style 0h not found in class symbol, default attributes used)
(note:  named style 0 not found in class symbol, default attributes used)

.     
. 
end of do-file

. do "/tmp/SD04858.000000"

. 
. xtmixed w i.sex i2.dose size|| dam: , mle

Performing EM optimization: 

Performing gradient-based optimization: 

Iteration 0:   log likelihood =  -193.9586  
Iteration 1:   log likelihood =  -193.9586  

Computing standard errors:

Mixed-effects ML regression                     Number of obs     =        321
Group variable: dam                             Number of groups  =         27

                                                Obs per group:
                                                              min =          2
                                                              avg =       11.9
                                                              max =         18

                                                Wald chi2(3)      =      96.45
Log likelihood =  -193.9586                     Prob > chi2       =     0.0000

------------------------------------------------------------------------------
           w |      Coef.   Std. Err.      z    P>|z|     [95% Conf. Interval]
-------------+----------------------------------------------------------------
       1.sex |   -.369079   .0476581    -7.74   0.000    -.4624872   -.2756708
      2.dose |   -.639724   .1788735    -3.58   0.000    -.9903095   -.2891384
        size |  -.1273957   .0204095    -6.24   0.000    -.1673977   -.0873938
       _cons |   8.074321   .2816494    28.67   0.000     7.522299    8.626344
------------------------------------------------------------------------------

------------------------------------------------------------------------------
  Random-effects Parameters  |   Estimate   Std. Err.     [95% Conf. Interval]
-----------------------------+------------------------------------------------
dam: Identity                |
                   sd(_cons) |   .3448632   .0526473      .2556827    .4651494
-----------------------------+------------------------------------------------
                sd(Residual) |    .403652   .0166193      .3723584    .4375756
------------------------------------------------------------------------------
LR test vs. linear model: chibar2(01) = 122.25        Prob >= chibar2 = 0.0000

. 
. label define dose 0 "control" 1 "low" 2 "high"

. label values dose dose

. label define sex 0 "male" 1 "female"

. label values sex sex

. 
end of do-file

. do "/tmp/SD04858.000000"

. estimates store xtm1

. 
.  
. xtset dam 
       panel variable:  dam (unbalanced)

. xtreg w i.sex i.dose size, fe
note: 1.dose omitted because of collinearity
note: 2.dose omitted because of collinearity
note: size omitted because of collinearity

Fixed-effects (within) regression               Number of obs     =        321
Group variable: dam                             Number of groups  =         27

R-sq:                                           Obs per group:
     within  = 0.1720                                         min =          2
     between = 0.1066                                         avg =       11.9
     overall = 0.0417                                         max =         18

                                                F(1,293)          =      60.88
corr(u_i, Xb)  = -0.1087                        Prob > F          =     0.0000

------------------------------------------------------------------------------
           w |      Coef.   Std. Err.      t    P>|t|     [95% Conf. Interval]
-------------+----------------------------------------------------------------
         sex |
     female  |  -.3752769   .0480948    -7.80   0.000    -.4699319   -.2806219
             |
        dose |
        low  |          0  (omitted)
       high  |          0  (omitted)
             |
        size |          0  (omitted)
       _cons |   6.256609   .0318638   196.35   0.000     6.193898     6.31932
-------------+----------------------------------------------------------------
     sigma_u |  .61786598
     sigma_e |  .40469463
         rho |  .69978569   (fraction of variance due to u_i)
------------------------------------------------------------------------------
F test that all u_i=0: F(26, 293) = 19.02                    Prob > F = 0.0000

. 
end of do-file

. do "/tmp/SD04858.000000"

. reg w i.sex i.dose i.dam size
note: 20.dam omitted because of collinearity
note: 27.dam omitted because of collinearity
note: size omitted because of collinearity

      Source |       SS           df       MS      Number of obs   =       321
-------------+----------------------------------   F(27, 293)      =     19.58
       Model |  86.6026222        27  3.20750452   Prob > F        =    0.0000
    Residual |  47.9868795       293  .163777746   R-squared       =    0.6435
-------------+----------------------------------   Adj R-squared   =    0.6106
       Total |  134.589502       320  .420592193   Root MSE        =    .40469

------------------------------------------------------------------------------
           w |      Coef.   Std. Err.      t    P>|t|     [95% Conf. Interval]
-------------+----------------------------------------------------------------
         sex |
     female  |  -.3752769   .0480948    -7.80   0.000    -.4699319   -.2806219
             |
        dose |
        low  |  -.7862384   .1545583    -5.09   0.000    -1.090424   -.4820533
       high  |   -.903889   .1784536    -5.07   0.000    -1.255102   -.5526757
             |
         dam |
          2  |  -.5396362   .1592101    -3.39   0.001    -.8529767   -.2262958
          3  |   .5725462    .233788     2.45   0.015     .1124295    1.032663
          4  |  -.5199736   .1592719    -3.26   0.001    -.8334355   -.2065116
          5  |   .0596296   .1620263     0.37   0.713    -.2592533    .3785125
          6  |   .1205556   .1784536     0.68   0.500    -.2306577    .4717689
          7  |  -.5474538   .1510336    -3.62   0.000    -.8447022   -.2502055
          8  |  -.8772986    .152876    -5.74   0.000    -1.178173   -.5764244
          9  |  -1.517086   .1526577    -9.94   0.000    -1.817531   -1.216641
         10  |  -.2334047   .1623076    -1.44   0.151    -.5528413    .0860319
         11  |  -.3134282   .1454601    -2.15   0.032    -.5997073   -.0271491
         12  |   1.501423   .3050058     4.92   0.000     .9011431    2.101703
         13  |  -.2629283   .1545583    -1.70   0.090    -.5671135    .0412569
         14  |  -.2157431   .1454513    -1.48   0.139    -.5020048    .0705186
         15  |   .0655047   .1511679     0.43   0.665    -.2320077    .3630172
         16  |    .112513   .1522954     0.74   0.461    -.1872186    .4122446
         17  |  -.5455011    .148225    -3.68   0.000    -.8372218   -.2537804
         18  |   .2610344   .1468756     1.78   0.077    -.0280305    .5500992
         19  |   .2053123   .1634961     1.26   0.210    -.1164634     .527088
         20  |          0  (omitted)
         21  |  -.7429296   .1729992    -4.29   0.000    -1.083408   -.4024511
         22  |  -.4715648    .186117    -2.53   0.012    -.8378606   -.1052691
         23  |   1.420648   .2702723     5.26   0.000     .8887266    1.952569
         24  |   .0635877   .1795752     0.35   0.724     -.289833    .4170085
         25  |   .6382755   .1966565     3.25   0.001     .2512372    1.025314
         26  |   .5234565   .1919687     2.73   0.007     .1456443    .9012688
         27  |          0  (omitted)
             |
        size |          0  (omitted)
       _cons |   6.970092   .1179201    59.11   0.000     6.738014     7.20217
------------------------------------------------------------------------------

. 
end of do-file

. do "/tmp/SD04858.000000"

. 
. reg w i.sex i.dose ibn.dam size
note: 10.dam omitted because of collinearity
note: 20.dam omitted because of collinearity
note: 27.dam omitted because of collinearity
note: size omitted because of collinearity

      Source |       SS           df       MS      Number of obs   =       321
-------------+----------------------------------   F(27, 293)      =     19.58
       Model |  86.6026222        27  3.20750452   Prob > F        =    0.0000
    Residual |  47.9868795       293  .163777746   R-squared       =    0.6435
-------------+----------------------------------   Adj R-squared   =    0.6106
       Total |  134.589502       320  .420592193   Root MSE        =    .40469

------------------------------------------------------------------------------
           w |      Coef.   Std. Err.      t    P>|t|     [95% Conf. Interval]
-------------+----------------------------------------------------------------
         sex |
     female  |  -.3752769   .0480948    -7.80   0.000    -.4699319   -.2806219
             |
        dose |
        low  |  -.5528337   .1513149    -3.65   0.000    -.8506356   -.2550319
       high  |  -.6704842   .1757645    -3.81   0.000    -1.016405   -.3245634
             |
         dam |
          1  |   .2334047   .1623076     1.44   0.151    -.0860319    .5528413
          2  |  -.3062315   .1561177    -1.96   0.051    -.6134858    .0010227
          3  |   .8059509   .2314004     3.48   0.001     .3505333    1.261369
          4  |  -.2865689   .1559636    -1.84   0.067    -.5935197     .020382
          5  |   .2930343   .1589067     1.84   0.066    -.0197088    .6057775
          6  |   .3539603   .1757645     2.01   0.045     .0080394    .6998812
          7  |  -.3140491   .1473108    -2.13   0.034    -.6039706   -.0241277
          8  |  -.6438939   .1491055    -4.32   0.000    -.9373476   -.3504403
          9  |  -1.283681   .1498161    -8.57   0.000    -1.578533   -.9888291
         10  |          0  (omitted)
         11  |  -.3134282   .1454601    -2.15   0.032    -.5997073   -.0271491
         12  |   1.501423   .3050058     4.92   0.000     .9011431    2.101703
         13  |  -.2629283   .1545583    -1.70   0.090    -.5671135    .0412569
         14  |  -.2157431   .1454513    -1.48   0.139    -.5020048    .0705186
         15  |   .0655047   .1511679     0.43   0.665    -.2320077    .3630172
         16  |    .112513   .1522954     0.74   0.461    -.1872186    .4122446
         17  |  -.5455011    .148225    -3.68   0.000    -.8372218   -.2537804
         18  |   .2610344   .1468756     1.78   0.077    -.0280305    .5500992
         19  |   .2053123   .1634961     1.26   0.210    -.1164634     .527088
         20  |          0  (omitted)
         21  |  -.7429296   .1729992    -4.29   0.000    -1.083408   -.4024511
         22  |  -.4715648    .186117    -2.53   0.012    -.8378606   -.1052691
         23  |   1.420648   .2702723     5.26   0.000     .8887266    1.952569
         24  |   .0635877   .1795752     0.35   0.724     -.289833    .4170085
         25  |   .6382755   .1966565     3.25   0.001     .2512372    1.025314
         26  |   .5234565   .1919687     2.73   0.007     .1456443    .9012688
         27  |          0  (omitted)
             |
        size |          0  (omitted)
       _cons |   6.736688   .1151909    58.48   0.000     6.509981    6.963394
------------------------------------------------------------------------------

. 
end of do-file

. do "/tmp/SD04858.000000"

. 
. reg w i.sex i.dose ibn.dam size, noconstant
note: 20.dam omitted because of collinearity
note: 27.dam omitted because of collinearity
note: size omitted because of collinearity

      Source |       SS           df       MS      Number of obs   =       321
-------------+----------------------------------   F(28, 293)      =   2607.56
       Model |  11957.6815        28  427.060055   Prob > F        =    0.0000
    Residual |  47.9868795       293  .163777746   R-squared       =    0.9960
-------------+----------------------------------   Adj R-squared   =    0.9956
       Total |  12005.6684       321  37.4008362   Root MSE        =    .40469

------------------------------------------------------------------------------
           w |      Coef.   Std. Err.      t    P>|t|     [95% Conf. Interval]
-------------+----------------------------------------------------------------
         sex |
     female  |  -.3752769   .0480948    -7.80   0.000    -.4699319   -.2806219
             |
        dose |
        low  |   6.183854   .1027686    60.17   0.000     5.981596    6.386112
       high  |   6.066203   .1358475    44.65   0.000     5.798843    6.333564
             |
         dam |
          1  |   6.970092   .1179201    59.11   0.000     6.738014     7.20217
          2  |   6.430456   .1095146    58.72   0.000     6.214921    6.645991
          3  |   7.542638   .2037712    37.02   0.000     7.141598    7.943679
          4  |   6.450119   .1101057    58.58   0.000      6.23342    6.666817
          5  |   7.029722   .1137562    61.80   0.000     6.805839    7.253605
          6  |   7.090648   .1358475    52.20   0.000     6.823287    7.358008
          7  |   6.422638    .098372    65.29   0.000     6.229033    6.616244
          8  |   6.092794   .1014017    60.09   0.000     5.893226    6.292362
          9  |   5.453006   .0988031    55.19   0.000     5.258553     5.64746
         10  |   6.736688   .1151909    58.48   0.000     6.509981    6.963394
         11  |  -.3134282   .1454601    -2.15   0.032    -.5997073   -.0271491
         12  |   1.501423   .3050058     4.92   0.000     .9011431    2.101703
         13  |  -.2629283   .1545583    -1.70   0.090    -.5671135    .0412569
         14  |  -.2157431   .1454513    -1.48   0.139    -.5020048    .0705186
         15  |   .0655047   .1511679     0.43   0.665    -.2320077    .3630172
         16  |    .112513   .1522954     0.74   0.461    -.1872186    .4122446
         17  |  -.5455011    .148225    -3.68   0.000    -.8372218   -.2537804
         18  |   .2610344   .1468756     1.78   0.077    -.0280305    .5500992
         19  |   .2053123   .1634961     1.26   0.210    -.1164634     .527088
         20  |          0  (omitted)
         21  |  -.7429296   .1729992    -4.29   0.000    -1.083408   -.4024511
         22  |  -.4715648    .186117    -2.53   0.012    -.8378606   -.1052691
         23  |   1.420648   .2702723     5.26   0.000     .8887266    1.952569
         24  |   .0635877   .1795752     0.35   0.724     -.289833    .4170085
         25  |   .6382755   .1966565     3.25   0.001     .2512372    1.025314
         26  |   .5234565   .1919687     2.73   0.007     .1456443    .9012688
         27  |          0  (omitted)
             |
        size |          0  (omitted)
------------------------------------------------------------------------------

. 
end of do-file

. do "/tmp/SD04858.000000"

. 
. reg w i.sex i.dose ibn.dam size noconstant
variable noconstant not found
r(111);

end of do-file

r(111);

. do "/tmp/SD04858.000000"

. 
. reg w i.sex i.dose ibn.dam size, noconst
note: 20.dam omitted because of collinearity
note: 27.dam omitted because of collinearity
note: size omitted because of collinearity

      Source |       SS           df       MS      Number of obs   =       321
-------------+----------------------------------   F(28, 293)      =   2607.56
       Model |  11957.6815        28  427.060055   Prob > F        =    0.0000
    Residual |  47.9868795       293  .163777746   R-squared       =    0.9960
-------------+----------------------------------   Adj R-squared   =    0.9956
       Total |  12005.6684       321  37.4008362   Root MSE        =    .40469

------------------------------------------------------------------------------
           w |      Coef.   Std. Err.      t    P>|t|     [95% Conf. Interval]
-------------+----------------------------------------------------------------
         sex |
     female  |  -.3752769   .0480948    -7.80   0.000    -.4699319   -.2806219
             |
        dose |
        low  |   6.183854   .1027686    60.17   0.000     5.981596    6.386112
       high  |   6.066203   .1358475    44.65   0.000     5.798843    6.333564
             |
         dam |
          1  |   6.970092   .1179201    59.11   0.000     6.738014     7.20217
          2  |   6.430456   .1095146    58.72   0.000     6.214921    6.645991
          3  |   7.542638   .2037712    37.02   0.000     7.141598    7.943679
          4  |   6.450119   .1101057    58.58   0.000      6.23342    6.666817
          5  |   7.029722   .1137562    61.80   0.000     6.805839    7.253605
          6  |   7.090648   .1358475    52.20   0.000     6.823287    7.358008
          7  |   6.422638    .098372    65.29   0.000     6.229033    6.616244
          8  |   6.092794   .1014017    60.09   0.000     5.893226    6.292362
          9  |   5.453006   .0988031    55.19   0.000     5.258553     5.64746
         10  |   6.736688   .1151909    58.48   0.000     6.509981    6.963394
         11  |  -.3134282   .1454601    -2.15   0.032    -.5997073   -.0271491
         12  |   1.501423   .3050058     4.92   0.000     .9011431    2.101703
         13  |  -.2629283   .1545583    -1.70   0.090    -.5671135    .0412569
         14  |  -.2157431   .1454513    -1.48   0.139    -.5020048    .0705186
         15  |   .0655047   .1511679     0.43   0.665    -.2320077    .3630172
         16  |    .112513   .1522954     0.74   0.461    -.1872186    .4122446
         17  |  -.5455011    .148225    -3.68   0.000    -.8372218   -.2537804
         18  |   .2610344   .1468756     1.78   0.077    -.0280305    .5500992
         19  |   .2053123   .1634961     1.26   0.210    -.1164634     .527088
         20  |          0  (omitted)
         21  |  -.7429296   .1729992    -4.29   0.000    -1.083408   -.4024511
         22  |  -.4715648    .186117    -2.53   0.012    -.8378606   -.1052691
         23  |   1.420648   .2702723     5.26   0.000     .8887266    1.952569
         24  |   .0635877   .1795752     0.35   0.724     -.289833    .4170085
         25  |   .6382755   .1966565     3.25   0.001     .2512372    1.025314
         26  |   .5234565   .1919687     2.73   0.007     .1456443    .9012688
         27  |          0  (omitted)
             |
        size |          0  (omitted)
------------------------------------------------------------------------------

. 
end of do-file

. do "/tmp/SD04858.000000"

. xtreg w i.sex i.dose size, fe
note: 1.dose omitted because of collinearity
note: 2.dose omitted because of collinearity
note: size omitted because of collinearity

Fixed-effects (within) regression               Number of obs     =        321
Group variable: dam                             Number of groups  =         27

R-sq:                                           Obs per group:
     within  = 0.1720                                         min =          2
     between = 0.1066                                         avg =       11.9
     overall = 0.0417                                         max =         18

                                                F(1,293)          =      60.88
corr(u_i, Xb)  = -0.1087                        Prob > F          =     0.0000

------------------------------------------------------------------------------
           w |      Coef.   Std. Err.      t    P>|t|     [95% Conf. Interval]
-------------+----------------------------------------------------------------
         sex |
     female  |  -.3752769   .0480948    -7.80   0.000    -.4699319   -.2806219
             |
        dose |
        low  |          0  (omitted)
       high  |          0  (omitted)
             |
        size |          0  (omitted)
       _cons |   6.256609   .0318638   196.35   0.000     6.193898     6.31932
-------------+----------------------------------------------------------------
     sigma_u |  .61786598
     sigma_e |  .40469463
         rho |  .69978569   (fraction of variance due to u_i)
------------------------------------------------------------------------------
F test that all u_i=0: F(26, 293) = 19.02                    Prob > F = 0.0000

. 
end of do-file

. do "/tmp/SD04858.000000"

. xtreg w i.sex i.dose size, re

Random-effects GLS regression                   Number of obs     =        321
Group variable: dam                             Number of groups  =         27

R-sq:                                           Obs per group:
     within  = 0.1720                                         min =          2
     between = 0.7163                                         avg =       11.9
     overall = 0.4015                                         max =         18

                                                Wald chi2(4)      =     119.29
corr(u_i, X)   = 0 (assumed)                    Prob > chi2       =     0.0000

------------------------------------------------------------------------------
           w |      Coef.   Std. Err.      z    P>|z|     [95% Conf. Interval]
-------------+----------------------------------------------------------------
         sex |
     female  |  -.3592109   .0481154    -7.47   0.000    -.4535154   -.2649065
             |
        dose |
        low  |  -.4426693   .1353361    -3.27   0.001    -.7079231   -.1774155
       high  |   -.874497   .1646285    -5.31   0.000    -1.197163   -.5518311
             |
        size |  -.1296568   .0173735    -7.46   0.000    -.1637082   -.0956055
       _cons |   8.319643   .2531403    32.87   0.000     7.823497    8.815789
-------------+----------------------------------------------------------------
     sigma_u |  .27257487
     sigma_e |  .40469463
         rho |  .31207443   (fraction of variance due to u_i)
------------------------------------------------------------------------------

. 
end of do-file

. do "/tmp/SD04858.000000"

. xtreg w i.sex i.dose size, fe
note: 1.dose omitted because of collinearity
note: 2.dose omitted because of collinearity
note: size omitted because of collinearity

Fixed-effects (within) regression               Number of obs     =        321
Group variable: dam                             Number of groups  =         27

R-sq:                                           Obs per group:
     within  = 0.1720                                         min =          2
     between = 0.1066                                         avg =       11.9
     overall = 0.0417                                         max =         18

                                                F(1,293)          =      60.88
corr(u_i, Xb)  = -0.1087                        Prob > F          =     0.0000

------------------------------------------------------------------------------
           w |      Coef.   Std. Err.      t    P>|t|     [95% Conf. Interval]
-------------+----------------------------------------------------------------
         sex |
     female  |  -.3752769   .0480948    -7.80   0.000    -.4699319   -.2806219
             |
        dose |
        low  |          0  (omitted)
       high  |          0  (omitted)
             |
        size |          0  (omitted)
       _cons |   6.256609   .0318638   196.35   0.000     6.193898     6.31932
-------------+----------------------------------------------------------------
     sigma_u |  .61786598
     sigma_e |  .40469463
         rho |  .69978569   (fraction of variance due to u_i)
------------------------------------------------------------------------------
F test that all u_i=0: F(26, 293) = 19.02                    Prob > F = 0.0000

. 
end of do-file

. do "/tmp/SD04858.000000"

. reg w i.sex, noconst

      Source |       SS           df       MS      Number of obs   =       321
-------------+----------------------------------   F(1, 320)       =    252.28
       Model |  5292.54001         1  5292.54001   Prob > F        =    0.0000
    Residual |  6713.12842       320  20.9785263   R-squared       =    0.4408
-------------+----------------------------------   Adj R-squared   =    0.4391
       Total |  12005.6684       321  37.4008362   Root MSE        =    4.5802

------------------------------------------------------------------------------
           w |      Coef.   Std. Err.      t    P>|t|     [95% Conf. Interval]
-------------+----------------------------------------------------------------
         sex |
     female  |       5.94   .3739744    15.88   0.000     5.204241    6.675759
------------------------------------------------------------------------------

. 
end of do-file

. do "/tmp/SD04858.000000"

. 
. reg w i.sex ibn.dam
note: 27.dam omitted because of collinearity

      Source |       SS           df       MS      Number of obs   =       321
-------------+----------------------------------   F(27, 293)      =     19.58
       Model |  86.6026222        27  3.20750452   Prob > F        =    0.0000
    Residual |  47.9868795       293  .163777746   R-squared       =    0.6435
-------------+----------------------------------   Adj R-squared   =    0.6106
       Total |  134.589502       320  .420592193   Root MSE        =    .40469

------------------------------------------------------------------------------
           w |      Coef.   Std. Err.      t    P>|t|     [95% Conf. Interval]
-------------+----------------------------------------------------------------
         sex |
     female  |  -.3752769   .0480948    -7.80   0.000    -.4699319   -.2806219
             |
         dam |
          1  |    .903889   .1784536     5.07   0.000     .5526757    1.255102
          2  |   .3642527   .1729082     2.11   0.036     .0239532    .7045522
          3  |   1.476435   .2433233     6.07   0.000     .9975522    1.955318
          4  |   .3839154   .1729651     2.22   0.027     .0435039    .7243268
          5  |   .9635186   .1755047     5.49   0.000     .6181089    1.308928
          6  |   1.024445   .1907749     5.37   0.000     .6489818    1.399907
          7  |   .3564351   .1654102     2.15   0.032     .0308923    .6819779
          8  |   .0265903   .1670941     0.16   0.874    -.3022665    .3554472
          9  |   -.613197   .1668944    -3.67   0.000    -.9416608   -.2847332
         10  |   .6704842   .1757645     3.81   0.000     .3245634    1.016405
         11  |  -.1957777   .1706342    -1.15   0.252    -.5316018    .1400464
         12  |   1.619074    .317985     5.09   0.000     .9932493    2.244898
         13  |  -.1452778   .1784536    -0.81   0.416     -.496491    .2059355
         14  |  -.0980926   .1706644    -0.57   0.566     -.433976    .2377908
         15  |   .1831553   .1755957     1.04   0.298    -.1624334    .5287439
         16  |   .2301635   .1767352     1.30   0.194    -.1176678    .5779948
         17  |  -.4278506   .1730901    -2.47   0.014    -.7685081   -.0871931
         18  |   .3786849    .172104     2.20   0.029     .0399681    .7174016
         19  |   .3229628   .1863861     1.73   0.084    -.0438625    .6897881
         20  |   .1176505   .1686347     0.70   0.486    -.2142383    .4495393
         21  |  -.7429296   .1729992    -4.29   0.000    -1.083408   -.4024511
         22  |  -.4715648    .186117    -2.53   0.012    -.8378606   -.1052691
         23  |   1.420648   .2702723     5.26   0.000     .8887266    1.952569
         24  |   .0635877   .1795752     0.35   0.724     -.289833    .4170085
         25  |   .6382755   .1966565     3.25   0.001     .2512372    1.025314
         26  |   .5234565   .1919687     2.73   0.007     .1456443    .9012688
         27  |          0  (omitted)
             |
       _cons |   6.066203   .1358475    44.65   0.000     5.798843    6.333564
------------------------------------------------------------------------------

. 
end of do-file

. do "/tmp/SD04858.000000"

. xtreg w i.sex i.dose size, fe
note: 1.dose omitted because of collinearity
note: 2.dose omitted because of collinearity
note: size omitted because of collinearity

Fixed-effects (within) regression               Number of obs     =        321
Group variable: dam                             Number of groups  =         27

R-sq:                                           Obs per group:
     within  = 0.1720                                         min =          2
     between = 0.1066                                         avg =       11.9
     overall = 0.0417                                         max =         18

                                                F(1,293)          =      60.88
corr(u_i, Xb)  = -0.1087                        Prob > F          =     0.0000

------------------------------------------------------------------------------
           w |      Coef.   Std. Err.      t    P>|t|     [95% Conf. Interval]
-------------+----------------------------------------------------------------
         sex |
     female  |  -.3752769   .0480948    -7.80   0.000    -.4699319   -.2806219
             |
        dose |
        low  |          0  (omitted)
       high  |          0  (omitted)
             |
        size |          0  (omitted)
       _cons |   6.256609   .0318638   196.35   0.000     6.193898     6.31932
-------------+----------------------------------------------------------------
     sigma_u |  .61786598
     sigma_e |  .40469463
         rho |  .69978569   (fraction of variance due to u_i)
------------------------------------------------------------------------------
F test that all u_i=0: F(26, 293) = 19.02                    Prob > F = 0.0000

. 
end of do-file

. do "/tmp/SD04858.000000"

. xtreg w i.sex i.dose size, re

Random-effects GLS regression                   Number of obs     =        321
Group variable: dam                             Number of groups  =         27

R-sq:                                           Obs per group:
     within  = 0.1720                                         min =          2
     between = 0.7163                                         avg =       11.9
     overall = 0.4015                                         max =         18

                                                Wald chi2(4)      =     119.29
corr(u_i, X)   = 0 (assumed)                    Prob > chi2       =     0.0000

------------------------------------------------------------------------------
           w |      Coef.   Std. Err.      z    P>|z|     [95% Conf. Interval]
-------------+----------------------------------------------------------------
         sex |
     female  |  -.3592109   .0481154    -7.47   0.000    -.4535154   -.2649065
             |
        dose |
        low  |  -.4426693   .1353361    -3.27   0.001    -.7079231   -.1774155
       high  |   -.874497   .1646285    -5.31   0.000    -1.197163   -.5518311
             |
        size |  -.1296568   .0173735    -7.46   0.000    -.1637082   -.0956055
       _cons |   8.319643   .2531403    32.87   0.000     7.823497    8.815789
-------------+----------------------------------------------------------------
     sigma_u |  .27257487
     sigma_e |  .40469463
         rho |  .31207443   (fraction of variance due to u_i)
------------------------------------------------------------------------------

. 
end of do-file

. do "/tmp/SD04858.000000"

. xtreg w i.sex i.dose size, fe
note: 1.dose omitted because of collinearity
note: 2.dose omitted because of collinearity
note: size omitted because of collinearity

Fixed-effects (within) regression               Number of obs     =        321
Group variable: dam                             Number of groups  =         27

R-sq:                                           Obs per group:
     within  = 0.1720                                         min =          2
     between = 0.1066                                         avg =       11.9
     overall = 0.0417                                         max =         18

                                                F(1,293)          =      60.88
corr(u_i, Xb)  = -0.1087                        Prob > F          =     0.0000

------------------------------------------------------------------------------
           w |      Coef.   Std. Err.      t    P>|t|     [95% Conf. Interval]
-------------+----------------------------------------------------------------
         sex |
     female  |  -.3752769   .0480948    -7.80   0.000    -.4699319   -.2806219
             |
        dose |
        low  |          0  (omitted)
       high  |          0  (omitted)
             |
        size |          0  (omitted)
       _cons |   6.256609   .0318638   196.35   0.000     6.193898     6.31932
-------------+----------------------------------------------------------------
     sigma_u |  .61786598
     sigma_e |  .40469463
         rho |  .69978569   (fraction of variance due to u_i)
------------------------------------------------------------------------------
F test that all u_i=0: F(26, 293) = 19.02                    Prob > F = 0.0000

. 
end of do-file

. do "/tmp/SD04858.000000"

. 
. reg w i.sex ibn.dam
note: 27.dam omitted because of collinearity

      Source |       SS           df       MS      Number of obs   =       321
-------------+----------------------------------   F(27, 293)      =     19.58
       Model |  86.6026222        27  3.20750452   Prob > F        =    0.0000
    Residual |  47.9868795       293  .163777746   R-squared       =    0.6435
-------------+----------------------------------   Adj R-squared   =    0.6106
       Total |  134.589502       320  .420592193   Root MSE        =    .40469

------------------------------------------------------------------------------
           w |      Coef.   Std. Err.      t    P>|t|     [95% Conf. Interval]
-------------+----------------------------------------------------------------
         sex |
     female  |  -.3752769   .0480948    -7.80   0.000    -.4699319   -.2806219
             |
         dam |
          1  |    .903889   .1784536     5.07   0.000     .5526757    1.255102
          2  |   .3642527   .1729082     2.11   0.036     .0239532    .7045522
          3  |   1.476435   .2433233     6.07   0.000     .9975522    1.955318
          4  |   .3839154   .1729651     2.22   0.027     .0435039    .7243268
          5  |   .9635186   .1755047     5.49   0.000     .6181089    1.308928
          6  |   1.024445   .1907749     5.37   0.000     .6489818    1.399907
          7  |   .3564351   .1654102     2.15   0.032     .0308923    .6819779
          8  |   .0265903   .1670941     0.16   0.874    -.3022665    .3554472
          9  |   -.613197   .1668944    -3.67   0.000    -.9416608   -.2847332
         10  |   .6704842   .1757645     3.81   0.000     .3245634    1.016405
         11  |  -.1957777   .1706342    -1.15   0.252    -.5316018    .1400464
         12  |   1.619074    .317985     5.09   0.000     .9932493    2.244898
         13  |  -.1452778   .1784536    -0.81   0.416     -.496491    .2059355
         14  |  -.0980926   .1706644    -0.57   0.566     -.433976    .2377908
         15  |   .1831553   .1755957     1.04   0.298    -.1624334    .5287439
         16  |   .2301635   .1767352     1.30   0.194    -.1176678    .5779948
         17  |  -.4278506   .1730901    -2.47   0.014    -.7685081   -.0871931
         18  |   .3786849    .172104     2.20   0.029     .0399681    .7174016
         19  |   .3229628   .1863861     1.73   0.084    -.0438625    .6897881
         20  |   .1176505   .1686347     0.70   0.486    -.2142383    .4495393
         21  |  -.7429296   .1729992    -4.29   0.000    -1.083408   -.4024511
         22  |  -.4715648    .186117    -2.53   0.012    -.8378606   -.1052691
         23  |   1.420648   .2702723     5.26   0.000     .8887266    1.952569
         24  |   .0635877   .1795752     0.35   0.724     -.289833    .4170085
         25  |   .6382755   .1966565     3.25   0.001     .2512372    1.025314
         26  |   .5234565   .1919687     2.73   0.007     .1456443    .9012688
         27  |          0  (omitted)
             |
       _cons |   6.066203   .1358475    44.65   0.000     5.798843    6.333564
------------------------------------------------------------------------------

. 
end of do-file

. do "/tmp/SD04858.000000"

. reg w i.sex ibn.dam, noconst

      Source |       SS           df       MS      Number of obs   =       321
-------------+----------------------------------   F(28, 293)      =   2607.56
       Model |  11957.6815        28  427.060055   Prob > F        =    0.0000
    Residual |  47.9868795       293  .163777746   R-squared       =    0.9960
-------------+----------------------------------   Adj R-squared   =    0.9956
       Total |  12005.6684       321  37.4008362   Root MSE        =    .40469

------------------------------------------------------------------------------
           w |      Coef.   Std. Err.      t    P>|t|     [95% Conf. Interval]
-------------+----------------------------------------------------------------
         sex |
     female  |  -.3752769   .0480948    -7.80   0.000    -.4699319   -.2806219
             |
         dam |
          1  |   6.970092   .1179201    59.11   0.000     6.738014     7.20217
          2  |   6.430456   .1095146    58.72   0.000     6.214921    6.645991
          3  |   7.542638   .2037712    37.02   0.000     7.141598    7.943679
          4  |   6.450119   .1101057    58.58   0.000      6.23342    6.666817
          5  |   7.029722   .1137562    61.80   0.000     6.805839    7.253605
          6  |   7.090648   .1358475    52.20   0.000     6.823287    7.358008
          7  |   6.422638    .098372    65.29   0.000     6.229033    6.616244
          8  |   6.092794   .1014017    60.09   0.000     5.893226    6.292362
          9  |   5.453006   .0988031    55.19   0.000     5.258553     5.64746
         10  |   6.736688   .1151909    58.48   0.000     6.509981    6.963394
         11  |   5.870426   .1057144    55.53   0.000      5.66237    6.078481
         12  |   7.685277   .2901758    26.48   0.000     7.114184     8.25637
         13  |   5.920926   .1179201    50.21   0.000     5.688848    6.153003
         14  |   5.968111   .1062479    56.17   0.000     5.759005    6.177217
         15  |   6.249359    .114416    54.62   0.000     6.024177     6.47454
         16  |   6.296367    .118182    53.28   0.000     6.063774     6.52896
         17  |   5.638353   .1108002    50.89   0.000     5.420288    5.856418
         18  |   6.444888   .1113504    57.88   0.000      6.22574    6.664036
         19  |   6.389166   .1311888    48.70   0.000     6.130974    6.647358
         20  |   6.183854   .1027686    60.17   0.000     5.981596    6.386112
         21  |   5.323274   .1086491    49.00   0.000     5.109442    5.537105
         22  |   5.594639   .1302154    42.96   0.000     5.338362    5.850915
         23  |   7.486851   .2358403    31.75   0.000     7.022695    7.951007
         24  |   6.129791   .1222672    50.13   0.000     5.889158    6.370424
         25  |   6.704479   .1442134    46.49   0.000     6.420653    6.988304
         26  |    6.58966   .1399886    47.07   0.000     6.314149    6.865171
         27  |   6.066203   .1358475    44.65   0.000     5.798843    6.333564
------------------------------------------------------------------------------

. 
end of do-file

. help postestimation xtreg

. do "/tmp/SD04858.000000"

. xtreg w i.sex i.dose size, fe
note: 1.dose omitted because of collinearity
note: 2.dose omitted because of collinearity
note: size omitted because of collinearity

Fixed-effects (within) regression               Number of obs     =        321
Group variable: dam                             Number of groups  =         27

R-sq:                                           Obs per group:
     within  = 0.1720                                         min =          2
     between = 0.1066                                         avg =       11.9
     overall = 0.0417                                         max =         18

                                                F(1,293)          =      60.88
corr(u_i, Xb)  = -0.1087                        Prob > F          =     0.0000

------------------------------------------------------------------------------
           w |      Coef.   Std. Err.      t    P>|t|     [95% Conf. Interval]
-------------+----------------------------------------------------------------
         sex |
     female  |  -.3752769   .0480948    -7.80   0.000    -.4699319   -.2806219
             |
        dose |
        low  |          0  (omitted)
       high  |          0  (omitted)
             |
        size |          0  (omitted)
       _cons |   6.256609   .0318638   196.35   0.000     6.193898     6.31932
-------------+----------------------------------------------------------------
     sigma_u |  .61786598
     sigma_e |  .40469463
         rho |  .69978569   (fraction of variance due to u_i)
------------------------------------------------------------------------------
F test that all u_i=0: F(26, 293) = 19.02                    Prob > F = 0.0000

. 
end of do-file

. predict ppp, u

. do "/tmp/SD04858.000000"

. xtmixed w i.sex i2.dose size|| dam: , mle

Performing EM optimization: 

Performing gradient-based optimization: 

Iteration 0:   log likelihood =  -193.9586  
Iteration 1:   log likelihood =  -193.9586  

Computing standard errors:

Mixed-effects ML regression                     Number of obs     =
>         321
Group variable: dam                             Number of groups  =
>          27

                                                Obs per group:
                                                              min =
>           2
                                                              avg =
>        11.9
                                                              max =
>          18

                                                Wald chi2(3)      =
>       96.45
Log likelihood =  -193.9586                     Prob > chi2       =
>      0.0000

-------------------------------------------------------------------
> -----------
           w |      Coef.   Std. Err.      z    P>|z|     [95% Conf
> . Interval]
-------------+-----------------------------------------------------
> -----------
         sex |
     female  |   -.369079   .0476581    -7.74   0.000    -.4624872 
>   -.2756708
             |
        dose |
       high  |   -.639724   .1788735    -3.58   0.000    -.9903095 
>   -.2891384
        size |  -.1273957   .0204095    -6.24   0.000    -.1673977 
>   -.0873938
       _cons |   8.074321   .2816494    28.67   0.000     7.522299 
>    8.626344
-------------------------------------------------------------------
> -----------

-------------------------------------------------------------------
> -----------
  Random-effects Parameters  |   Estimate   Std. Err.     [95% Conf
> . Interval]
-----------------------------+-------------------------------------
> -----------
dam: Identity                |
                   sd(_cons) |   .3448632   .0526473      .2556827 
>    .4651494
-----------------------------+-------------------------------------
> -----------
                sd(Residual) |    .403652   .0166193      .3723584 
>    .4375756
-------------------------------------------------------------------
> -----------
LR test vs. linear model: chibar2(01) = 122.25        Prob >= chiba
> r2 =                                                             
>      0.0000

. 
end of do-file

. do "/tmp/SD04858.000000"

. predict lev2, reffects

. predict compse, reses

. generate diagse = sqrt(exp(2*[lns1_1_1]_cons) - compse^2)

. 
end of do-file

. twoway lev2 ppp
lev2 is not a twoway plot type
r(198);

. graph (twoway lev2 ppp)
twoway (graph_g invalid name
r(198);

. twoway (scatter lev2 ppp)

. sd ppp
command sd is unrecognized
r(199);

. summarize ppp

    Variable |        Obs        Mean    Std. Dev.       Min       
>  Max
-------------+-----------------------------------------------------
> ----
         ppp |        321    2.20e-09    .5060699  -.9333355   1.42
> 8668

. do "/tmp/SD04858.000000"

. xtreg w i.sex i.dose size, fe
note: 1.dose omitted because of collinearity
note: 2.dose omitted because of collinearity
note: size omitted because of collinearity

Fixed-effects (within) regression               Number of obs     =
>         321
Group variable: dam                             Number of groups  =
>          27

R-sq:                                           Obs per group:
     within  = 0.1720                                         min =
>           2
     between = 0.1066                                         avg =
>        11.9
     overall = 0.0417                                         max =
>          18

                                                F(1,293)          =
>       60.88
corr(u_i, Xb)  = -0.1087                        Prob > F          =
>      0.0000

-------------------------------------------------------------------
> -----------
           w |      Coef.   Std. Err.      t    P>|t|     [95% Conf
> . Interval]
-------------+-----------------------------------------------------
> -----------
         sex |
     female  |  -.3752769   .0480948    -7.80   0.000    -.4699319 
>   -.2806219
             |
        dose |
        low  |          0  (omitted)
       high  |          0  (omitted)
             |
        size |          0  (omitted)
       _cons |   6.256609   .0318638   196.35   0.000     6.193898 
>     6.31932
-------------+-----------------------------------------------------
> -----------
     sigma_u |  .61786598
     sigma_e |  .40469463
         rho |  .69978569   (fraction of variance due to u_i)
-------------------------------------------------------------------
> -----------
F test that all u_i=0: F(26, 293) = 19.02                    Prob >
>  F = 0.0000

. 
end of do-file

. exit, clear
