-------------------------------------------------------------------------------------------------------------------------------------------------------
      name:  <unnamed>
       log:  /Users/eliebmann/Dropbox/PJ_2016/RHS/exercises/Ex-12.1-crackers/Ex-12.1.log
  log type:  text
 opened on:  22 Oct 2016, 12:54:51

. 
. 
. use http://www.stata-press.com/data/mlmus3/crackers, clear

. * saveold crackers.dta12, version(12) replace
. 
. use crackers.dta12, clear
file crackers.dta12 not found
r(601);

end of do-file

r(601);

. do "/var/folders/dk/0z2w17n13cj4d_hdc1r9f7kw0000gn/T//SD16412.000000"

. egen resp = group(id occ)

. 
. tabulate brand, generate(br)

      brand |      Freq.     Percent        Cum.
------------+-----------------------------------
   Sunshine |      2,509       25.00       25.00
    Keebler |      2,509       25.00       50.00
    Nabisco |      2,509       25.00       75.00
    Private |      2,509       25.00      100.00
------------+-----------------------------------
      Total |     10,036      100.00

. rename br1 Sunshine

. rename br2 Keebler

. rename br3 Nabisco

. clogit choice Sunshine Keebler Nabisco display feature price, group(resp)

Iteration 0:   log likelihood = -2597.4395  
Iteration 1:   log likelihood = -2508.5953  
Iteration 2:   log likelihood = -2505.5877  
Iteration 3:   log likelihood = -2505.5809  
Iteration 4:   log likelihood = -2505.5809  

Conditional (fixed-effects) logistic regression

                                                Number of obs     =     10,036
                                                LR chi2(6)        =    1945.26
                                                Prob > chi2       =     0.0000
Log likelihood = -2505.5809                     Pseudo R2         =     0.2796

------------------------------------------------------------------------------
      choice |      Coef.   Std. Err.      z    P>|z|     [95% Conf. Interval]
-------------+----------------------------------------------------------------
    Sunshine |  -.8544199   .1092333    -7.82   0.000    -1.068513   -.6403265
     Keebler |  -.0831798   .1332619    -0.62   0.533    -.3443683    .1780087
     Nabisco |   1.824142   .1151987    15.83   0.000     1.598356    2.049927
     display |   .0947567   .0716482     1.32   0.186    -.0456711    .2351846
     feature |   .5264186   .1105882     4.76   0.000     .3096697    .7431675
       price |  -3.111738   .2398017   -12.98   0.000     -3.58174   -2.641735
------------------------------------------------------------------------------

. 
end of do-file

. do "/var/folders/dk/0z2w17n13cj4d_hdc1r9f7kw0000gn/T//SD16412.000000"

. gllamm brand Sunshine Keebler Nabisco display feature price, i(resp) ///
>    noconstant link(mlogit) expanded(resp choice o) init
 
number of level 1 units = 10036
 
Condition Number = 7.7559685
 
gllamm model 
 
log likelihood = -2505.5809
 
------------------------------------------------------------------------------
       brand |      Coef.   Std. Err.      z    P>|z|     [95% Conf. Interval]
-------------+----------------------------------------------------------------
    Sunshine |  -.8544197   .1092333    -7.82   0.000    -1.068513   -.6403264
     Keebler |  -.0831803   .1332619    -0.62   0.533    -.3443688    .1780082
     Nabisco |   1.824141   .1151987    15.83   0.000     1.598356    2.049926
     display |   .0947567   .0716482     1.32   0.186    -.0456711    .2351846
     feature |   .5264187   .1105882     4.76   0.000     .3096698    .7431675
       price |  -3.111737   .2398017   -12.98   0.000    -3.581739   -2.641734
------------------------------------------------------------------------------
 

. estimates store mod0

. 
.    
. 
end of do-file

. do "/var/folders/dk/0z2w17n13cj4d_hdc1r9f7kw0000gn/T//SD16412.000000"

. eq pr: price

. gllamm brand Sunshine Keebler Nabisco display feature price, i(id) ///
>    eqs(pr) noconstant link(mlogit) expanded(resp choice o) adapt

Running adaptive quadrature
Iteration 0:    log likelihood = -2340.4753
Iteration 1:    log likelihood = -2005.5628
Iteration 2:    log likelihood = -1864.9909
Iteration 3:    log likelihood = -1811.3827
Iteration 4:    log likelihood = -1806.8396
Iteration 5:    log likelihood = -1806.7112
Iteration 6:    log likelihood = -1806.7108


Adaptive quadrature has converged, running Newton-Raphson
Iteration 0:   log likelihood = -1806.7108  
Iteration 1:   log likelihood = -1806.7101  
Iteration 2:   log likelihood = -1806.7101  
 
number of level 1 units = 10036
number of level 2 units = 100
 
Condition Number = 14.009539
 
gllamm model 
 
log likelihood = -1806.7101
 
------------------------------------------------------------------------------
       brand |      Coef.   Std. Err.      z    P>|z|     [95% Conf. Interval]
-------------+----------------------------------------------------------------
    Sunshine |   -.650458   .1262584    -5.15   0.000    -.8979199    -.402996
     Keebler |  -.2848871   .1612067    -1.77   0.077    -.6008465    .0310722
     Nabisco |   1.791467   .1337217    13.40   0.000     1.529377    2.053557
     display |   .3945288   .0901052     4.38   0.000     .2179259    .5711317
     feature |   .7031294   .1396606     5.03   0.000     .4293997    .9768591
       price |  -1.694039   .7132755    -2.38   0.018    -3.092033   -.2960447
------------------------------------------------------------------------------
 
 
Variances and covariances of random effects
------------------------------------------------------------------------------

 
***level 2 (id)
 
    var(1): 38.111195 (6.5680927)
------------------------------------------------------------------------------

 

. 
end of do-file

. clear

. cd "/Users/eliebmann/Dropbox/PJ_2016/RHS/exercises/Ex-12.2-hybrid"
/Users/eliebmann/Dropbox/PJ_2016/RHS/exercises/Ex-12.2-hybrid

. cd "/Users/eliebmann/Dropbox/PJ_2016/RHS/exercises/Ex-12.3-homeless"
/Users/eliebmann/Dropbox/PJ_2016/RHS/exercises/Ex-12.3-homeless

. clear

. do "/var/folders/dk/0z2w17n13cj4d_hdc1r9f7kw0000gn/T//SD16412.000000"

. use http://www.stata-press.com/data/mlmus3/homeless, clear

. 
end of do-file

. do "/var/folders/dk/0z2w17n13cj4d_hdc1r9f7kw0000gn/T//SD16412.000000"

. xtset id time
       panel variable:  id (unbalanced)
        time variable:  time, 0 to 3, but with gaps
                delta:  1 unit

. xtdescribe

      id:  1, 2, ..., 362                                    n =        361
    time:  0, 1, ..., 3                                      T =          4
           Delta(time) = 1 unit
           Span(time)  = 4 periods
           (id*time uniquely identifies each observation)

Distribution of T_i:   min      5%     25%       50%       75%     95%     max
                         1       1       4         4         4       4       4

     Freq.  Percent    Cum. |  Pattern
 ---------------------------+---------
      271     75.07   75.07 |  1111
       23      6.37   81.44 |  1...
       19      5.26   86.70 |  111.
       17      4.71   91.41 |  11.1
       15      4.16   95.57 |  11..
       12      3.32   98.89 |  1.11
        3      0.83   99.72 |  1..1
        1      0.28  100.00 |  1.1.
 ---------------------------+---------
      361    100.00         |  XXXX

. 
end of do-file

. tabl id time housing section8, m
command tabl is unrecognized
r(199);

. summarize

    Variable |        Obs        Mean    Std. Dev.       Min        Max
-------------+---------------------------------------------------------
          id |      1,289    179.5213    103.4672          1        362
     housing |      1,289    1.168348    .7724229          0          2
        cons |      1,289           1           0          1          1
    section8 |      1,289    .5096974       .5001          0          1
    nonsect8 |      1,289    .4903026       .5001          0          1
-------------+---------------------------------------------------------
     linyime |      1,289    1.425136    1.129443          0          3
      s8lint |      1,289    .7362296    1.083587          0          3
        time |      1,289    1.425136    1.129443          0          3

. do "/var/folders/dk/0z2w17n13cj4d_hdc1r9f7kw0000gn/T//SD16412.000000"

. recast int time , force

. recast int section8 , force

. label define Housing 1 "section8" 0 "notsection8" 

. label values section8 Housing

. 
end of do-file

. do "/var/folders/dk/0z2w17n13cj4d_hdc1r9f7kw0000gn/T//SD16412.000000"

. mlogit housing ib3.time##ib0.section8, base(0)

Iteration 0:   log likelihood = -1381.4444  
Iteration 1:   log likelihood = -1185.5927  
Iteration 2:   log likelihood = -1176.6544  
Iteration 3:   log likelihood = -1176.5228  
Iteration 4:   log likelihood = -1176.5228  

Multinomial logistic regression                 Number of obs     =      1,289
                                                LR chi2(14)       =     409.84
                                                Prob > chi2       =     0.0000
Log likelihood = -1176.5228                     Pseudo R2         =     0.1483

-------------------------------------------------------------------------------
      housing |      Coef.   Std. Err.      z    P>|z|     [95% Conf. Interval]
--------------+----------------------------------------------------------------
0             |  (base outcome)
--------------+----------------------------------------------------------------
1             |
         time |
           0  |  -1.793579   .3116096    -5.76   0.000    -2.404323   -1.182836
           1  |  -.1678809   .3388113    -0.50   0.620    -.8319388    .4961771
           2  |   .5784189   .3992428     1.45   0.147    -.2040827    1.360921
              |
     section8 |
    section8  |   -.660203    .388737    -1.70   0.089    -1.422113    .1017074
              |
time#section8 |
  0#section8  |   1.089961   .4509359     2.42   0.016     .2061425    1.973779
  1#section8  |   .6274132   .5330022     1.18   0.239    -.4172519    1.672078
  2#section8  |  -1.026444   .5795809    -1.77   0.077    -2.162401    .1095141
              |
        _cons |   1.299283    .265908     4.89   0.000     .7781129    1.820453
--------------+----------------------------------------------------------------
2             |
         time |
           0  |  -2.881233   .3668523    -7.85   0.000     -3.60025   -2.162216
           1  |  -.9841133   .3627646    -2.71   0.007    -1.695119   -.2731079
           2  |   .0857495   .4119532     0.21   0.835    -.7216638    .8931629
              |
     section8 |
    section8  |   .4697879   .3664551     1.28   0.200    -.2484508    1.188027
              |
time#section8 |
  0#section8  |   .0670131   .4978779     0.13   0.893    -.9088097    1.042836
  1#section8  |   1.200894    .520102     2.31   0.021     .1815124    2.220275
  2#section8  |   .0244536   .5416391     0.05   0.964     -1.03714    1.086047
              |
        _cons |   1.220502   .2682331     4.55   0.000     .6947749    1.746229
-------------------------------------------------------------------------------

. 
end of do-file

. do "/var/folders/dk/0z2w17n13cj4d_hdc1r9f7kw0000gn/T//SD16412.000000"

. tabulate time, gen(t)

       time |      Freq.     Percent        Cum.
------------+-----------------------------------
          0 |        361       28.01       28.01
          1 |        322       24.98       52.99
          2 |        303       23.51       76.49
          3 |        303       23.51      100.00
------------+-----------------------------------
      Total |      1,289      100.00

. 
end of do-file

. do "/var/folders/dk/0z2w17n13cj4d_hdc1r9f7kw0000gn/T//SD16412.000000"

. generate t1_sec8 = t1*section8

. generate t2_sec8 = t2*section8

. generate t3_sec8 = t3*section8

. 
end of do-file

. do "/var/folders/dk/0z2w17n13cj4d_hdc1r9f7kw0000gn/T//SD16412.000000"

. mlogit housing section8 t1 t2 t3 t1_sec8 t2_sec8 t3_sec8, base(0)

Iteration 0:   log likelihood = -1381.4444  
Iteration 1:   log likelihood = -1185.5927  
Iteration 2:   log likelihood = -1176.6544  
Iteration 3:   log likelihood = -1176.5228  
Iteration 4:   log likelihood = -1176.5228  

Multinomial logistic regression                 Number of obs     =      1,289
                                                LR chi2(14)       =     409.84
                                                Prob > chi2       =     0.0000
Log likelihood = -1176.5228                     Pseudo R2         =     0.1483

------------------------------------------------------------------------------
     housing |      Coef.   Std. Err.      z    P>|z|     [95% Conf. Interval]
-------------+----------------------------------------------------------------
0            |  (base outcome)
-------------+----------------------------------------------------------------
1            |
    section8 |   -.660203    .388737    -1.70   0.089    -1.422113    .1017074
          t1 |  -1.793579   .3116096    -5.76   0.000    -2.404323   -1.182836
          t2 |  -.1678809   .3388113    -0.50   0.620    -.8319388    .4961771
          t3 |   .5784189   .3992428     1.45   0.147    -.2040827    1.360921
     t1_sec8 |   1.089961   .4509359     2.42   0.016     .2061425    1.973779
     t2_sec8 |   .6274132   .5330022     1.18   0.239    -.4172519    1.672078
     t3_sec8 |  -1.026444   .5795809    -1.77   0.077    -2.162401    .1095141
       _cons |   1.299283    .265908     4.89   0.000     .7781129    1.820453
-------------+----------------------------------------------------------------
2            |
    section8 |   .4697879   .3664551     1.28   0.200    -.2484508    1.188027
          t1 |  -2.881233   .3668523    -7.85   0.000     -3.60025   -2.162216
          t2 |  -.9841133   .3627646    -2.71   0.007    -1.695119   -.2731079
          t3 |   .0857495   .4119532     0.21   0.835    -.7216638    .8931629
     t1_sec8 |   .0670131   .4978779     0.13   0.893    -.9088097    1.042836
     t2_sec8 |   1.200894    .520102     2.31   0.021     .1815124    2.220275
     t3_sec8 |   .0244536   .5416391     0.05   0.964     -1.03714    1.086047
       _cons |   1.220502   .2682331     4.55   0.000     .6947749    1.746229
------------------------------------------------------------------------------

. 
end of do-file

. do "/var/folders/dk/0z2w17n13cj4d_hdc1r9f7kw0000gn/T//SD16412.000000"

. mlogit housing section8 t1 t2 t3 t1_sec8 t2_sec8 t3_sec8, base(0)

Iteration 0:   log likelihood = -1381.4444  
Iteration 1:   log likelihood = -1185.5927  
Iteration 2:   log likelihood = -1176.6544  
Iteration 3:   log likelihood = -1176.5228  
Iteration 4:   log likelihood = -1176.5228  

Multinomial logistic regression                 Number of obs     =      1,289
                                                LR chi2(14)       =     409.84
                                                Prob > chi2       =     0.0000
Log likelihood = -1176.5228                     Pseudo R2         =     0.1483

------------------------------------------------------------------------------
     housing |      Coef.   Std. Err.      z    P>|z|     [95% Conf. Interval]
-------------+----------------------------------------------------------------
0            |  (base outcome)
-------------+----------------------------------------------------------------
1            |
    section8 |   -.660203    .388737    -1.70   0.089    -1.422113    .1017074
          t1 |  -1.793579   .3116096    -5.76   0.000    -2.404323   -1.182836
          t2 |  -.1678809   .3388113    -0.50   0.620    -.8319388    .4961771
          t3 |   .5784189   .3992428     1.45   0.147    -.2040827    1.360921
     t1_sec8 |   1.089961   .4509359     2.42   0.016     .2061425    1.973779
     t2_sec8 |   .6274132   .5330022     1.18   0.239    -.4172519    1.672078
     t3_sec8 |  -1.026444   .5795809    -1.77   0.077    -2.162401    .1095141
       _cons |   1.299283    .265908     4.89   0.000     .7781129    1.820453
-------------+----------------------------------------------------------------
2            |
    section8 |   .4697879   .3664551     1.28   0.200    -.2484508    1.188027
          t1 |  -2.881233   .3668523    -7.85   0.000     -3.60025   -2.162216
          t2 |  -.9841133   .3627646    -2.71   0.007    -1.695119   -.2731079
          t3 |   .0857495   .4119532     0.21   0.835    -.7216638    .8931629
     t1_sec8 |   .0670131   .4978779     0.13   0.893    -.9088097    1.042836
     t2_sec8 |   1.200894    .520102     2.31   0.021     .1815124    2.220275
     t3_sec8 |   .0244536   .5416391     0.05   0.964     -1.03714    1.086047
       _cons |   1.220502   .2682331     4.55   0.000     .6947749    1.746229
------------------------------------------------------------------------------

. 
end of do-file

. do "/var/folders/dk/0z2w17n13cj4d_hdc1r9f7kw0000gn/T//SD16412.000000"

. generate obs = _n

. 
end of do-file

. do "/var/folders/dk/0z2w17n13cj4d_hdc1r9f7kw0000gn/T//SD16412.000000"

. * Create integer to index rows
. generate obs = _n
variable obs already defined
r(110);

end of do-file

r(110);

. desc

Contains data from http://www.stata-press.com/data/mlmus3/homeless.dta
  obs:         1,289                          
 vars:            16                          20 Mar 2011 14:14
 size:        61,872                          
-------------------------------------------------------------------------------------------------------------------------------------------------------
              storage   display    value
variable name   type    format     label      variable label
-------------------------------------------------------------------------------------------------------------------------------------------------------
id              float   %9.0g                 
housing         float   %9.0g                 
cons            float   %9.0g                 
section8        int     %11.0g     Housing    
nonsect8        float   %9.0g                 
linyime         float   %9.0g                 
s8lint          float   %9.0g                 
time            int     %9.0g                 
t1              byte    %8.0g                 time== 0.0000
t2              byte    %8.0g                 time== 1.0000
t3              byte    %8.0g                 time== 2.0000
t4              byte    %8.0g                 time== 3.0000
t1_sec8         float   %9.0g                 
t2_sec8         float   %9.0g                 
t3_sec8         float   %9.0g                 
obs             float   %9.0g                 
-------------------------------------------------------------------------------------------------------------------------------------------------------
Sorted by: id  time
     Note: Dataset has changed since last saved.

. xtdescribe

      id:  1, 2, ..., 362                                    n =        361
    time:  0, 1, ..., 3                                      T =          4
           Delta(time) = 1 unit
           Span(time)  = 4 periods
           (id*time uniquely identifies each observation)

Distribution of T_i:   min      5%     25%       50%       75%     95%     max
                         1       1       4         4         4       4       4

     Freq.  Percent    Cum. |  Pattern
 ---------------------------+---------
      271     75.07   75.07 |  1111
       23      6.37   81.44 |  1...
       19      5.26   86.70 |  111.
       17      4.71   91.41 |  11.1
       15      4.16   95.57 |  11..
       12      3.32   98.89 |  1.11
        3      0.83   99.72 |  1..1
        1      0.28  100.00 |  1.1.
 ---------------------------+---------
      361    100.00         |  XXXX

. summarize

    Variable |        Obs        Mean    Std. Dev.       Min        Max
-------------+---------------------------------------------------------
          id |      1,289    179.5213    103.4672          1        362
     housing |      1,289    1.168348    .7724229          0          2
        cons |      1,289           1           0          1          1
    section8 |      1,289    .5096974       .5001          0          1
    nonsect8 |      1,289    .4903026       .5001          0          1
-------------+---------------------------------------------------------
     linyime |      1,289    1.425136    1.129443          0          3
      s8lint |      1,289    .7362296    1.083587          0          3
        time |      1,289    1.425136    1.129443          0          3
          t1 |      1,289    .2800621    .4492036          0          1
          t2 |      1,289    .2498061    .4330687          0          1
-------------+---------------------------------------------------------
          t3 |      1,289    .2350659    .4242046          0          1
          t4 |      1,289    .2350659    .4242046          0          1
     t1_sec8 |      1,289    .1404189     .347556          0          1
     t2_sec8 |      1,289     .124903    .3307372          0          1
     t3_sec8 |      1,289    .1217998    .3271814          0          1
-------------+---------------------------------------------------------
         obs |      1,289         645    372.2466          1       1289

. do "/var/folders/dk/0z2w17n13cj4d_hdc1r9f7kw0000gn/T//SD16412.000000"

. mlogit housing section8 t1 t2 t3 t1_sec8 t2_sec8 t3_sec8, base(0)

Iteration 0:   log likelihood = -1381.4444  
Iteration 1:   log likelihood = -1185.5927  
Iteration 2:   log likelihood = -1176.6544  
Iteration 3:   log likelihood = -1176.5228  
Iteration 4:   log likelihood = -1176.5228  

Multinomial logistic regression                 Number of obs     =      1,289
                                                LR chi2(14)       =     409.84
                                                Prob > chi2       =     0.0000
Log likelihood = -1176.5228                     Pseudo R2         =     0.1483

------------------------------------------------------------------------------
     housing |      Coef.   Std. Err.      z    P>|z|     [95% Conf. Interval]
-------------+----------------------------------------------------------------
0            |  (base outcome)
-------------+----------------------------------------------------------------
1            |
    section8 |   -.660203    .388737    -1.70   0.089    -1.422113    .1017074
          t1 |  -1.793579   .3116096    -5.76   0.000    -2.404323   -1.182836
          t2 |  -.1678809   .3388113    -0.50   0.620    -.8319388    .4961771
          t3 |   .5784189   .3992428     1.45   0.147    -.2040827    1.360921
     t1_sec8 |   1.089961   .4509359     2.42   0.016     .2061425    1.973779
     t2_sec8 |   .6274132   .5330022     1.18   0.239    -.4172519    1.672078
     t3_sec8 |  -1.026444   .5795809    -1.77   0.077    -2.162401    .1095141
       _cons |   1.299283    .265908     4.89   0.000     .7781129    1.820453
-------------+----------------------------------------------------------------
2            |
    section8 |   .4697879   .3664551     1.28   0.200    -.2484508    1.188027
          t1 |  -2.881233   .3668523    -7.85   0.000     -3.60025   -2.162216
          t2 |  -.9841133   .3627646    -2.71   0.007    -1.695119   -.2731079
          t3 |   .0857495   .4119532     0.21   0.835    -.7216638    .8931629
     t1_sec8 |   .0670131   .4978779     0.13   0.893    -.9088097    1.042836
     t2_sec8 |   1.200894    .520102     2.31   0.021     .1815124    2.220275
     t3_sec8 |   .0244536   .5416391     0.05   0.964     -1.03714    1.086047
       _cons |   1.220502   .2682331     4.55   0.000     .6947749    1.746229
------------------------------------------------------------------------------

. 
end of do-file

. do "/var/folders/dk/0z2w17n13cj4d_hdc1r9f7kw0000gn/T//SD16412.000000"

. mlogit housing ib3.time##ib0.section8, base(0)

Iteration 0:   log likelihood = -1381.4444  
Iteration 1:   log likelihood = -1185.5927  
Iteration 2:   log likelihood = -1176.6544  
Iteration 3:   log likelihood = -1176.5228  
Iteration 4:   log likelihood = -1176.5228  

Multinomial logistic regression                 Number of obs     =      1,289
                                                LR chi2(14)       =     409.84
                                                Prob > chi2       =     0.0000
Log likelihood = -1176.5228                     Pseudo R2         =     0.1483

-------------------------------------------------------------------------------
      housing |      Coef.   Std. Err.      z    P>|z|     [95% Conf. Interval]
--------------+----------------------------------------------------------------
0             |  (base outcome)
--------------+----------------------------------------------------------------
1             |
         time |
           0  |  -1.793579   .3116096    -5.76   0.000    -2.404323   -1.182836
           1  |  -.1678809   .3388113    -0.50   0.620    -.8319388    .4961771
           2  |   .5784189   .3992428     1.45   0.147    -.2040827    1.360921
              |
     section8 |
    section8  |   -.660203    .388737    -1.70   0.089    -1.422113    .1017074
              |
time#section8 |
  0#section8  |   1.089961   .4509359     2.42   0.016     .2061425    1.973779
  1#section8  |   .6274132   .5330022     1.18   0.239    -.4172519    1.672078
  2#section8  |  -1.026444   .5795809    -1.77   0.077    -2.162401    .1095141
              |
        _cons |   1.299283    .265908     4.89   0.000     .7781129    1.820453
--------------+----------------------------------------------------------------
2             |
         time |
           0  |  -2.881233   .3668523    -7.85   0.000     -3.60025   -2.162216
           1  |  -.9841133   .3627646    -2.71   0.007    -1.695119   -.2731079
           2  |   .0857495   .4119532     0.21   0.835    -.7216638    .8931629
              |
     section8 |
    section8  |   .4697879   .3664551     1.28   0.200    -.2484508    1.188027
              |
time#section8 |
  0#section8  |   .0670131   .4978779     0.13   0.893    -.9088097    1.042836
  1#section8  |   1.200894    .520102     2.31   0.021     .1815124    2.220275
  2#section8  |   .0244536   .5416391     0.05   0.964     -1.03714    1.086047
              |
        _cons |   1.220502   .2682331     4.55   0.000     .6947749    1.746229
-------------------------------------------------------------------------------

. 
end of do-file

